time="2026-04-30 20:30:22" level=info msg="Logger initialised"
time="2026-04-30 20:30:56" level=info msg="Logger initialised"
time="2026-04-30 20:31:41" level=info msg="Logger initialised"
time="2026-04-30 20:31:50" level=info msg="Logger initialised"
time="2026-04-30 20:41:22" level=info msg="Logger initialised"
time="2026-04-30 21:12:30" level=info msg="Logger initialised"
time="2026-04-30 21:12:53" level=info msg="Logger initialised"
time="2026-04-30 21:13:22" level=info msg="Logger initialised"
time="2026-04-30 21:15:27" level=info msg="Logger initialised"
time="2026-04-30 21:15:31" level=info msg="Logger initialised"
time="2026-04-30 21:15:33" level=info msg="Logger initialised"
time="2026-04-30 21:15:34" level=info msg="Logger initialised"
time="2026-04-30 21:17:07" level=info msg="Logger initialised"
time="2026-04-30 21:18:13" level=info msg="Logger initialised"
time="2026-04-30 21:18:13" level=info msg="Server running on port8080"
time="2026-04-30 21:18:44" level=info msg="Logger initialised"
time="2026-04-30 21:18:44" level=info msg="Server running on port8080"
time="2026-04-30 21:25:16" level=info msg="Logger initialised"
time="2026-04-30 21:25:17" level=info msg="Server running on port8080"
time="2026-04-30 21:26:47" level=info msg="Logger initialised"
time="2026-04-30 21:26:47" level=info msg="Server running on port8080"
time="2026-04-30 21:27:43" level=info msg="Logger initialised"
time="2026-04-30 21:27:44" level=info msg="Server running on port8080"
time="2026-04-30 21:29:29" level=info msg="Signup:test3@example.com"
time="2026-04-30 21:29:34" level=error msg="Signup failed:ERROR: relation \"users\" does not exist (SQLSTATE 42P01)"
time="2026-04-30 21:32:47" level=info msg="Logger initialised"
time="2026-04-30 21:32:47" level=info msg="Server running on port8080"
time="2026-04-30 21:32:58" level=info msg="Logger initialised"
time="2026-04-30 21:32:58" level=info msg="Server running on port8080"
time="2026-04-30 21:38:12" level=info msg="Logger initialised"
time="2026-04-30 21:38:12" level=info msg="Server running on port8080"
time="2026-04-30 21:39:19" level=info msg="Logger initialised"
time="2026-04-30 21:39:19" level=info msg="Server running on port8080"
time="2026-04-30 21:39:38" level=info msg="Logger initialised"
time="2026-04-30 21:39:38" level=info msg="Server running on port8080"
time="2026-04-30 21:40:06" level=info msg="Logger initialised"
time="2026-04-30 21:40:06" level=info msg="Server running on port8080"
time="2026-04-30 21:40:08" level=info msg="Logger initialised"
time="2026-04-30 21:40:09" level=info msg="Server running on port8080"
time="2026-04-30 21:40:18" level=info msg="Logger initialised"
time="2026-04-30 21:40:18" level=info msg="Server running on port8080"
time="2026-04-30 21:41:59" level=info msg="Logger initialised"
time="2026-04-30 21:41:59" level=info msg="Server running on port8080"
time="2026-04-30 21:43:02" level=info msg="Logger initialised"
time="2026-04-30 21:43:02" level=info msg="Server running on port8080"
time="2026-04-30 21:43:20" level=info msg="Logger initialised"
time="2026-04-30 21:43:20" level=info msg="Server running on port8080"
time="2026-04-30 21:45:08" level=info msg="Logger initialised"
time="2026-04-30 21:45:08" level=info msg="Server running on port8080"
time="2026-04-30 21:47:04" level=info msg="Logger initialised"
time="2026-04-30 21:47:04" level=info msg="Server running on port8080"
time="2026-04-30 21:47:46" level=info msg="Logger initialised"
time="2026-04-30 21:47:46" level=info msg="Server running on port8080"
time="2026-04-30 21:48:00" level=info msg="Logger initialised"
time="2026-04-30 21:48:00" level=info msg="Server running on port8080"
time="2026-04-30 21:52:07" level=info msg="Logger initialised"
time="2026-04-30 21:52:07" level=info msg="Server running on port8080"
time="2026-04-30 21:52:44" level=info msg="Signup:kolapp@gmail.com"
time="2026-04-30 21:52:51" level=info msg="OTP sent to kolapp@gmail.com"
time="2026-04-30 21:55:02" level=info msg="Signup:kolapp@gmail.com"
time="2026-04-30 21:55:02" level=error msg="Signup failed:email already exist"
time="2026-04-30 21:55:29" level=info msg="Signup:kolappurammabrook@gmail.com"
time="2026-04-30 21:55:35" level=info msg="OTP sent to kolappurammabrook@gmail.com"
time="2026-04-30 21:58:12" level=warning msg="OTP failed:OTP expired"
time="2026-04-30 22:02:48" level=info msg="Signup:kolappurammabrook@gmail.com"
time="2026-04-30 22:02:48" level=error msg="Signup failed:email already exist"
time="2026-04-30 22:03:00" level=error msg="Login failed:user not verified"
time="2026-04-30 22:05:29" level=info msg="Signup:hashinnadin0@gmail.com"
time="2026-04-30 22:05:35" level=info msg="OTP sent to hashinnadin0@gmail.com"
time="2026-04-30 22:07:05" level=warning msg="OTP failed:OTP expired"
time="2026-05-01 09:48:20" level=info msg="Logger initialised"
time="2026-05-01 09:48:20" level=info msg="Server running on port8080"
time="2026-05-01 09:54:55" level=error msg="Failed to save OTP to Redis: dial tcp 127.0.0.1:6379: connectex: No connection could be made because the target machine actively refused it."
time="2026-05-01 09:57:06" level=error msg="Failed to save OTP to Redis: dial tcp 127.0.0.1:6379: connectex: No connection could be made because the target machine actively refused it."
time="2026-05-01 10:01:12" level=info msg="Logger initialised"
time="2026-05-01 10:01:12" level=info msg="Server running on port8080"
time="2026-05-01 10:01:39" level=info msg="Signup:test1@example.com"
time="2026-05-01 10:01:46" level=error msg="Failed to save OTP to Redis: dial tcp 127.0.0.1:6379: connectex: No connection could be made because the target machine actively refused it."
time="2026-05-01 10:01:46" level=error msg="Signup failed:failed to generate OTP, please try again"
time="2026-05-01 10:17:24" level=info msg="Logger initialised"
time="2026-05-01 10:17:24" level=info msg="Server running on port8080"
time="2026-05-01 10:18:02" level=error msg="Failed to save OTP to Redis: dial tcp 127.0.0.1:6379: connectex: No connection could be made because the target machine actively refused it."
time="2026-05-01 10:19:09" level=info msg="Signup:hashinnadin0@gmail.com"
time="2026-05-01 10:19:09" level=error msg="Signup failed:email already exist"
time="2026-05-01 10:20:01" level=info msg="Signup:shortsking8848@gmail.com"
time="2026-05-01 10:20:08" level=error msg="Failed to save OTP to Redis: dial tcp 127.0.0.1:6379: connectex: No connection could be made because the target machine actively refused it."
time="2026-05-01 10:20:08" level=error msg="Signup failed:failed to generate OTP, please try again"
time="2026-05-01 10:20:52" level=info msg="Signup:shortsking8848@gmail.com"
time="2026-05-01 10:20:52" level=error msg="Signup failed:email already exist"
time="2026-05-01 10:22:51" level=info msg="Signup:loyddsouza88@gmail.com"
time="2026-05-01 10:22:57" level=error msg="Failed to save OTP to Redis: dial tcp 127.0.0.1:6379: connectex: No connection could be made because the target machine actively refused it."
time="2026-05-01 10:22:57" level=error msg="Signup failed:failed to generate OTP, please try again"
time="2026-05-01 10:31:16" level=info msg="Logger initialised"
time="2026-05-01 10:31:16" level=info msg="Server running on port8080"
time="2026-05-01 10:32:16" level=info msg="Signup:manhargurukkal2@gmail.com"
time="2026-05-01 10:32:21" level=info msg="OTP sent to manhargurukkal2@gmail.com"
time="2026-05-01 11:32:32" level=error msg="Logout failed:invalid token"
time="2026-05-01 11:32:46" level=error msg="Logout failed:invalid token"
time="2026-05-01 11:39:26" level=error msg="Login failed:invalid credentials"
time="2026-05-01 11:40:11" level=error msg="Login failed:invalid credentials"
time="2026-05-01 11:40:14" level=error msg="Login failed:invalid credentials"
time="2026-05-01 11:40:37" level=error msg="Login failed:invalid credentials"
time="2026-05-01 11:40:38" level=error msg="Login failed:invalid credentials"
time="2026-05-01 12:00:14" level=error msg="Login failed:invalid credentials"
time="2026-05-01 12:01:21" level=error msg="Login failed:invalid credentials"
time="2026-05-01 12:01:34" level=info msg="Logger initialised"
time="2026-05-01 12:01:35" level=info msg="Server running on port8080"
time="2026-05-01 12:01:43" level=error msg="Login failed:invalid credentials"
time="2026-05-01 13:16:53" level=info msg="Logger initialised"
time="2026-05-01 13:16:53" level=info msg="Server running on port8080"
time="2026-05-01 13:17:02" level=error msg="Login failed:invalid credentials"
time="2026-05-01 13:30:39" level=warning msg="Refresh failedinvalid token"
time="2026-05-01 13:40:47" level=info msg="Signup:ahmedmahsook@gmail.com"
time="2026-05-01 13:40:56" level=error msg="Failed to save OTP to Redis: dial tcp 127.0.0.1:6379: connectex: No connection could be made because the target machine actively refused it."
time="2026-05-01 13:40:56" level=error msg="Signup failed:failed to generate OTP, please try again"
time="2026-05-01 13:42:36" level=warning msg="OTP failed:user not found"
time="2026-05-01 13:49:57" level=info msg="Logger initialised"
time="2026-05-01 13:49:57" level=info msg="Server running on port8080"
time="2026-05-01 13:50:08" level=info msg="Signup:test10@example.com"
time="2026-05-01 13:50:20" level=error msg="Failed to save OTP to Redis: dial tcp 127.0.0.1:6379: connectex: No connection could be made because the target machine actively refused it."
time="2026-05-01 13:50:20" level=error msg="Signup failed:failed to generate OTP, please try again"
time="2026-05-01 13:52:52" level=warning msg="OTP failed:user not found"
time="2026-05-01 13:53:57" level=info msg="Logger initialised"
time="2026-05-01 13:57:09" level=info msg="Logger initialised"
time="2026-05-01 13:57:17" level=info msg="Logger initialised"
time="2026-05-01 13:58:32" level=info msg="Logger initialised"
time="2026-05-01 13:58:32" level=info msg="Server running on port8080"
time="2026-05-01 13:58:57" level=info msg="Signup:ahmedmahsook@gmail.com"
time="2026-05-01 13:59:02" level=info msg="OTP sent to ahmedmahsook@gmail.com"
time="2026-05-01 14:04:22" level=error msg="Login failed:invalid credentials"
time="2026-05-01 14:04:39" level=error msg="Login failed:invalid credentials"
time="2026-05-01 14:04:45" level=error msg="Login failed:invalid credentials"
time="2026-05-01 14:04:57" level=error msg="Login failed:invalid credentials"
time="2026-05-01 14:05:11" level=error msg="Login failed:invalid credentials"
time="2026-05-01 14:07:37" level=info msg="Signup:shortsking8848@gmail.com"
time="2026-05-01 14:07:37" level=error msg="Signup failed:email already exist"
time="2026-05-01 14:08:46" level=info msg="Signup:rcbcsk854777@gmail.com"
time="2026-05-01 14:08:51" level=info msg="OTP sent to rcbcsk854777@gmail.com"
time="2026-05-01 14:14:59" level=warning msg="OTP failed:already verified"
time="2026-05-01 14:15:11" level=info msg="Signup:rcbcsk854777@gmail.com"
time="2026-05-01 14:15:11" level=error msg="Signup failed:email already exist"
time="2026-05-01 14:22:31" level=warning msg="Refresh failedtoken not found"
time="2026-05-01 14:31:01" level=info msg="Logger initialised"
time="2026-05-01 14:31:01" level=info msg="Server running on port8080"
time="2026-05-01 14:31:11" level=info msg="Logger initialised"
time="2026-05-01 14:31:11" level=info msg="Server running on port8080"
time="2026-05-01 14:31:25" level=info msg="Logger initialised"
time="2026-05-01 14:31:25" level=info msg="Server running on port8080"
time="2026-05-01 14:32:25" level=info msg="Logger initialised"
time="2026-05-01 14:32:25" level=info msg="Server running on port8080"
time="2026-05-01 14:50:17" level=info msg="Logger initialised"
time="2026-05-01 14:50:17" level=info msg="Server running on port8080"
time="2026-05-01 14:54:49" level=info msg="Logger initialised"
time="2026-05-01 14:54:49" level=info msg="Server running on port8080"
time="2026-05-01 15:08:42" level=info msg="Signup:hashinnadin0@gmail.com"
time="2026-05-01 15:08:42" level=error msg="Signup failed:email already exist"
time="2026-05-01 15:09:32" level=info msg="Signup:hashinnadin@gmail.com"
time="2026-05-01 15:09:38" level=info msg="OTP sent to hashinnadin@gmail.com"
time="2026-05-01 15:11:28" level=error msg="Login failed:invalid credentials"
time="2026-05-01 18:41:33" level=info msg="Logger initialised"
time="2026-05-01 18:41:33" level=info msg="Server running on port8080"
time="2026-05-01 18:43:05" level=warning msg="Refresh failedtoken not found"
time="2026-05-01 19:45:59" level=info msg="OTP resent to kolappurammabrook@gmail.com"
time="2026-05-01 20:13:19" level=info msg="Signup:manohar3939p@gmail.com"
time="2026-05-01 20:13:24" level=info msg="OTP sent to manohar3939p@gmail.com"
time="2026-05-01 20:14:35" level=info msg="OTP resent to manohar3939p@gmail.com"
time="2026-05-02 09:26:38" level=info msg="Logger initialised"
time="2026-05-02 09:27:09" level=info msg="Logger initialised"
time="2026-05-02 09:27:34" level=info msg="Logger initialised"
time="2026-05-02 09:29:59" level=info msg="Logger initialised"
time="2026-05-02 09:30:00" level=info msg="Server running on port8080"
time="2026-05-02 09:30:44" level=info msg="OTP resent to manohar3939p@gmail.com"
time="2026-05-02 09:56:59" level=info msg="Logger initialised"
time="2026-05-02 09:56:59" level=info msg="Server running on port8080"
time="2026-05-02 10:00:54" level=info msg="Logger initialised"
time="2026-05-02 10:00:54" level=info msg="Server running on port8080"
time="2026-05-02 10:58:02" level=info msg="Logger initialised"
time="2026-05-02 10:58:02" level=info msg="Server running on port8080"
time="2026-05-02 11:06:00" level=info msg="Signup:manohar3939p@gmail.comfgftgh"
time="2026-05-02 11:06:00" level=error msg="Signup failed:email already exist"
time="2026-05-02 12:15:54" level=info msg="Logger initialised"
time="2026-05-02 12:15:55" level=info msg="Server running on port8080"
time="2026-05-02 12:17:16" level=info msg="Signup:jc3625003@gmail.comShahin"
time="2026-05-02 12:17:21" level=info msg="OTP sent to jc3625003@gmail.com"
time="2026-05-02 12:47:58" level=warning msg="Refresh failedtoken not found"
time="2026-05-02 12:59:01" level=info msg="Signup:jc3625003@gmail.comShahin"
time="2026-05-02 12:59:06" level=info msg="OTP sent to jc3625003@gmail.com"
time="2026-05-02 14:54:46" level=info msg="Logger initialised"
time="2026-05-02 14:54:46" level=info msg="Server running on port8080"
time="2026-05-02 16:58:22" level=info msg="Logger initialised"
time="2026-05-02 16:58:34" level=info msg="Logger initialised"
time="2026-05-02 16:59:07" level=info msg="Logger initialised"
time="2026-05-02 16:59:37" level=info msg="Logger initialised"
time="2026-05-02 17:01:19" level=info msg="Logger initialised"
time="2026-05-02 17:01:19" level=info msg="Server running on port8080"
time="2026-05-02 17:01:32" level=info msg="Logger initialised"
time="2026-05-02 17:01:38" level=info msg="Logger initialised"
time="2026-05-02 17:04:28" level=info msg="Logger initialised"
time="2026-05-02 17:06:22" level=info msg="Logger initialised"
time="2026-05-02 17:08:49" level=info msg="Logger initialised"
time="2026-05-02 17:11:06" level=info msg="Logger initialised"
time="2026-05-02 17:15:54" level=info msg="Logger initialised"
time="2026-05-02 17:15:55" level=info msg="Server running on port8080"
time="2026-05-02 17:16:19" level=info msg="Logger initialised"
time="2026-05-02 17:16:19" level=info msg="Server running on port8080"
time="2026-05-02 17:17:50" level=info msg="Logger initialised"
time="2026-05-02 17:17:50" level=info msg="Server running on port8080"
time="2026-05-02 17:18:05" level=info msg="Logger initialised"
time="2026-05-02 17:18:05" level=info msg="Server running on port8080"
time="2026-05-02 17:21:22" level=info msg="Logger initialised"
time="2026-05-02 17:21:22" level=info msg="Server running on port8080"
time="2026-05-02 17:22:01" level=info msg="Logger initialised"
time="2026-05-02 17:22:02" level=info msg="Server running on port8080"
time="2026-05-02 17:23:14" level=info msg="Logger initialised"
time="2026-05-02 17:23:14" level=info msg="Server running on port8080"
time="2026-05-02 17:24:39" level=info msg="Signup:hashinnadin@gmail.comShahin"
time="2026-05-02 17:24:44" level=info msg="OTP sent to hashinnadin@gmail.com"
time="2026-05-02 17:25:57" level=warning msg="OTP failed:user not found"
time="2026-05-02 17:26:31" level=warning msg="OTP failed:user not found"
time="2026-05-03 11:54:30" level=info msg="Logger initialised"
time="2026-05-03 11:54:30" level=info msg="Server running on port8080"
time="2026-05-03 11:56:26" level=info msg="Logger initialised"
time="2026-05-03 11:56:26" level=info msg="Server running on port8080"
time="2026-05-03 11:56:48" level=info msg="Logger initialised"
time="2026-05-03 11:56:49" level=info msg="Server running on port8080"
time="2026-05-03 11:56:54" level=info msg="Logger initialised"
time="2026-05-03 11:56:54" level=info msg="Server running on port8080"
time="2026-05-03 11:59:13" level=info msg="Logger initialised"
time="2026-05-03 11:59:13" level=info msg="Server running on port8080"
time="2026-05-03 11:59:18" level=info msg="Logger initialised"
time="2026-05-03 11:59:18" level=info msg="Server running on port8080"
time="2026-05-03 12:00:14" level=info msg="Logger initialised"
time="2026-05-03 12:00:14" level=info msg="Server running on port8080"
time="2026-05-03 12:26:09" level=info msg="Logger initialised"
time="2026-05-03 12:26:09" level=info msg="Server running on port8080"
time="2026-05-03 12:46:47" level=info msg="Logger initialised"
time="2026-05-03 12:46:47" level=info msg="Server running on port8080"
time="2026-05-03 12:47:26" level=info msg="Logger initialised"
time="2026-05-03 12:47:27" level=info msg="Server running on port8080"
time="2026-05-03 12:47:37" level=info msg="Logger initialised"
time="2026-05-03 12:47:38" level=info msg="Server running on port8080"
time="2026-05-03 12:49:01" level=info msg="Logger initialised"
time="2026-05-03 12:49:02" level=info msg="Server running on port8080"
time="2026-05-03 12:49:46" level=info msg="Logger initialised"
time="2026-05-03 12:49:47" level=info msg="Server running on port8080"
time="2026-05-03 12:50:12" level=info msg="Logger initialised"
time="2026-05-03 12:50:12" level=info msg="Server running on port8080"
time="2026-05-03 12:51:03" level=info msg="Logger initialised"
time="2026-05-03 12:51:03" level=info msg="Server running on port8080"
time="2026-05-03 12:54:28" level=info msg="Logger initialised"
time="2026-05-03 12:54:28" level=info msg="Server running on port8080"
time="2026-05-03 12:55:29" level=info msg="Logger initialised"
time="2026-05-03 12:55:30" level=info msg="Server running on port8080"
time="2026-05-03 12:56:00" level=info msg="Logger initialised"
time="2026-05-03 12:56:00" level=info msg="Server running on port8080"
time="2026-05-03 12:56:05" level=info msg="Logger initialised"
time="2026-05-03 12:56:05" level=info msg="Server running on port8080"
time="2026-05-03 12:56:53" level=info msg="Logger initialised"
time="2026-05-03 12:59:39" level=info msg="Logger initialised"
time="2026-05-03 12:59:40" level=info msg="Server running on port8080"
time="2026-05-03 13:00:34" level=info msg="Logger initialised"
time="2026-05-03 13:00:34" level=info msg="Server running on port8080"
time="2026-05-04 12:09:03" level=info msg="Logger initialised"
time="2026-05-04 12:13:01" level=info msg="Logger initialised"
time="2026-05-04 12:13:05" level=info msg="Server running on port8080"
time="2026-05-04 12:14:02" level=info msg="Logger initialised"
time="2026-05-04 12:14:06" level=info msg="Server running on port8080"
time="2026-05-04 12:17:51" level=info msg="Logger initialised"
time="2026-05-04 12:17:55" level=info msg="Server running on port8080"
time="2026-05-04 12:18:23" level=info msg="Logger initialised"
time="2026-05-04 12:18:27" level=info msg="Server running on port8080"
time="2026-05-04 14:00:34" level=info msg="Logger initialised"
time="2026-05-04 14:00:37" level=info msg="Server running on port8080"
time="2026-05-04 14:02:57" level=info msg="Logger initialised"
time="2026-05-04 14:08:07" level=info msg="Logger initialised"
time="2026-05-04 14:08:08" level=info msg="Server running on port8080"
time="2026-05-04 14:54:31" level=info msg="Logger initialised"
time="2026-05-04 14:54:31" level=info msg="Server running on port8080"
time="2026-05-04 15:11:12" level=info msg="Password reset OTP sent to hashinnadin@gmail.com"
time="2026-05-04 15:15:49" level=error msg="Login failed:invalid credentials"
time="2026-05-04 15:49:01" level=info msg="Logger initialised"
time="2026-05-04 15:49:01" level=info msg="Server running on port8080"
time="2026-05-05 20:26:37" level=info msg="Logger initialised"
time="2026-05-05 20:26:38" level=info msg="Server running on port8080"
time="2026-05-07 09:51:50" level=info msg="Logger initialised"
time="2026-05-07 09:51:51" level=info msg="Server running on port8080"
time="2026-05-07 11:00:14" level=info msg="Logger initialised"
time="2026-05-07 11:00:15" level=info msg="Server running on port8080"
time="2026-05-07 11:55:29" level=info msg="Logger initialised"
time="2026-05-07 11:55:30" level=info msg="Server running on port8080"
time="2026-05-07 12:19:11" level=info msg="Logger initialised"
time="2026-05-07 12:19:12" level=info msg="Server running on port8080"
time="2026-05-07 12:22:42" level=info msg="Logger initialised"
time="2026-05-07 12:22:43" level=info msg="Server running on port8080"
time="2026-05-07 14:44:06" level=info msg="Logger initialised"
time="2026-05-07 14:44:06" level=info msg="Server running on port8080"
time="2026-05-07 14:44:39" level=info msg="Signup:kolappurammabrook@gmail.comHashin"
time="2026-05-07 14:44:42" level=error msg="Signup failed:535 5.7.8 Username and Password not accepted. For more information, go to\n5.7.8  https://support.google.com/mail/?p=BadCredentials d2e1a72fcca58-83967dbee14sm10623719b3a.48 - gsmtp"
time="2026-05-07 14:47:27" level=info msg="Signup:kolappurammabrook@gmail.comHashin"
time="2026-05-07 14:47:30" level=error msg="Signup failed:535 5.7.8 Username and Password not accepted. For more information, go to\n5.7.8  https://support.google.com/mail/?p=BadCredentials 98e67ed59e1d1-365b4c2f5fcsm6832271a91.7 - gsmtp"
time="2026-05-07 14:49:38" level=info msg="Signup:kolappurammabrook@gmail.comHashin"
time="2026-05-07 14:49:41" level=error msg="Signup failed:535 5.7.8 Username and Password not accepted. For more information, go to\n5.7.8  https://support.google.com/mail/?p=BadCredentials 98e67ed59e1d1-365b4c65191sm5526457a91.11 - gsmtp"
time="2026-05-07 14:57:14" level=info msg="Logger initialised"
time="2026-05-07 14:57:15" level=info msg="Server running on port8080"
time="2026-05-07 14:57:21" level=info msg="Signup:kolappurammabrook@gmail.comHashin"
time="2026-05-07 14:57:23" level=error msg="Signup failed:535 5.7.8 Username and Password not accepted. For more information, go to\n5.7.8  https://support.google.com/mail/?p=BadCredentials d9443c01a7336-2babb1f0148sm19445385ad.82 - gsmtp"
time="2026-05-07 15:14:02" level=info msg="Logger initialised"
time="2026-05-07 15:14:03" level=info msg="Server running on port8080"
time="2026-05-07 15:14:33" level=info msg="Signup:kolappurammabrook@gmail.comHashin"
time="2026-05-07 15:14:38" level=info msg="OTP sent to kolappurammabrook@gmail.com"
time="2026-05-07 15:39:18" level=info msg="Logger initialised"
time="2026-05-07 15:39:18" level=info msg="Server running on port8080"
time="2026-05-07 15:59:26" level=info msg="Logger initialised"
time="2026-05-07 15:59:27" level=info msg="Server running on port8080"
time="2026-05-07 16:02:55" level=info msg="Logger initialised"
time="2026-05-07 16:02:55" level=info msg="Server running on port8080"
time="2026-05-07 16:05:22" level=info msg="Logger initialised"
time="2026-05-07 16:05:22" level=info msg="Server running on port8080"
time="2026-05-07 16:05:33" level=info msg="Logger initialised"
time="2026-05-07 16:05:33" level=info msg="Server running on port8080"
time="2026-05-07 16:09:24" level=info msg="Logger initialised"
time="2026-05-07 16:09:24" level=info msg="Server running on port8080"
time="2026-05-07 16:28:07" level=info msg="Logger initialised"
time="2026-05-07 16:28:07" level=info msg="Server running on port8080"
time="2026-05-07 16:33:12" level=error msg="Login failed:invalid credentials"
time="2026-05-07 16:33:19" level=error msg="Login failed:invalid credentials"
time="2026-05-07 16:33:31" level=error msg="Login failed:invalid credentials"
time="2026-05-07 16:33:36" level=error msg="Login failed:invalid credentials"
time="2026-05-07 16:34:01" level=error msg="Login failed:invalid credentials"
time="2026-05-07 17:04:24" level=info msg="Logger initialised"
time="2026-05-07 17:04:24" level=info msg="Server running on port8080"
time="2026-05-07 19:03:12" level=info msg="Logger initialised"
time="2026-05-07 19:03:13" level=info msg="Server running on port8080"
time="2026-05-08 11:09:40" level=info msg="Logger initialised"
time="2026-05-08 11:09:40" level=info msg="Server running on port8080"
time="2026-05-08 13:58:12" level=info msg="Logger initialised"
time="2026-05-08 13:58:12" level=info msg="Server running on port8080"
time="2026-05-08 14:19:01" level=error msg="Login failed:invalid credentials"
time="2026-05-08 16:03:39" level=info msg="Logger initialised"
time="2026-05-08 16:03:40" level=info msg="Server running on port8080"
time="2026-05-08 16:45:29" level=info msg="Logger initialised"
time="2026-05-08 16:45:29" level=info msg="Server running on port8080"
time="2026-05-08 16:46:19" level=info msg="Signup:hashinnadin0@gmail.comManhar"
time="2026-05-08 16:46:23" level=info msg="OTP sent to hashinnadin0@gmail.com"
time="2026-05-09 09:38:49" level=info msg="Logger initialised"
time="2026-05-09 09:38:50" level=info msg="Server running on port8080"
time="2026-05-09 10:12:43" level=info msg="Logger initialised"
time="2026-05-09 10:12:43" level=info msg="Server running on port8080"
time="2026-05-09 12:01:30" level=error msg="Login failed:invalid credentials"
time="2026-05-09 12:01:50" level=info msg="Password reset OTP sent to hashinnadin@gmail.com"
time="2026-05-09 14:15:52" level=info msg="Logger initialised"
time="2026-05-09 14:15:53" level=info msg="Server running on port8080"
time="2026-05-10 11:57:11" level=info msg="Logger initialised"
time="2026-05-10 11:57:12" level=info msg="Server running on port8080"
time="2026-05-10 12:00:52" level=info msg="Signup:hashinnadin0@gmail.comManhar"
time="2026-05-10 12:00:52" level=error msg="Signup failed:email already exist"
time="2026-05-10 12:15:17" level=info msg="Logger initialised"
time="2026-05-10 12:15:17" level=info msg="Server running on port8080"
time="2026-05-10 16:13:10" level=info msg="Logger initialised"
time="2026-05-10 16:13:11" level=info msg="Server running on port8080"
time="2026-05-10 21:17:07" level=info msg="Logger initialised"
time="2026-05-10 21:17:08" level=info msg="Server running on port 8080"
time="2026-05-10 21:17:29" level=info msg="Shutting down server..."
time="2026-05-10 21:17:29" level=info msg="Server exiting"
time="2026-05-11 06:39:02" level=info msg="Logger initialised"
time="2026-05-11 06:39:02" level=info msg="Server running on port 8080"
time="2026-05-11 06:53:12" level=info msg="Shutting down server..."
time="2026-05-11 06:53:12" level=info msg="Server exiting"
time="2026-05-11 06:53:20" level=info msg="Logger initialised"
time="2026-05-11 06:53:20" level=info msg="Server running on port 8080"
time="2026-05-11 06:53:38" level=info msg="Shutting down server..."
time="2026-05-11 06:53:38" level=info msg="Server exiting"
time="2026-05-11 09:36:16" level=info msg="Logger initialised"
time="2026-05-11 09:36:17" level=info msg="Server running on port 8080"
time="2026-05-11 10:22:26" level=info msg="Shutting down server..."
time="2026-05-11 10:22:26" level=info msg="Server exiting"
time="2026-05-11 10:25:24" level=info msg="Logger initialised"
time="2026-05-11 10:25:24" level=info msg="Server running on port 8080"
time="2026-05-11 10:29:54" level=error msg="Login failed:user blocked"
time="2026-05-11 10:40:39" level=info msg="Shutting down server..."
time="2026-05-11 10:40:39" level=info msg="Server exiting"
time="2026-05-11 10:40:46" level=info msg="Logger initialised"
time="2026-05-11 10:40:46" level=info msg="Server running on port 8080"
time="2026-05-11 10:45:42" level=info msg="Shutting down server..."
time="2026-05-11 10:45:42" level=info msg="Server exiting"
